// Jest Snapshot v1, https://goo.gl/fbAQLP

exports[`meta generates correct meta html 1`] = `
"
    <meta name=\\"viewport\\" content=\\"width=device-width,initial-scale=1,maximum-scale=2,shrink-to-fit=no\\">

    <link rel=\\"icon\\" href=\\"assets/favicon.ico\\" />

    <title>Joe Bloggs CV</title>
    <meta name=\\"description\\" content=\\"Enter a summary of you here.\\">

    <!--  Social tags -->    
    <meta property=\\"og:description\\" content=\\"Enter a summary of you here.\\">
    <meta property=\\"og:image\\" content=\\"https://cv.joebloggs.com/preview.png\\">
    <meta property=\\"og:site_name\\" content=\\"The CV of Joe Bloggs\\">
    <meta property=\\"og:title\\" content=\\"The CV of Joe Bloggs\\">
    <meta property=\\"og:url\\" content=\\"https://cv.joebloggs.com/\\">

    <meta name=\\"twitter:card\\" content=\\"summary_large_image\\">
    <meta name=\\"twitter:image:alt\\" content=\\"Joe Bloggs CV\\">
    <meta name=\\"twitter:site\\" content=\\"undefined\\">
  "
`;
